// Jest Snapshot v1, https://goo.gl/fbAQLP

exports[`Terminal snapshot should take a snapshot 1`] = `
<DocumentFragment>
  <div
    class="console"
  >
    <header>
      <h1
        data-testid="application-heading"
      >
        Mars Rover project
      </h1>
    </header>
    <div
      class="consolebody"
    >
      <p>
        &gt;
      </p>
    </div>
  </div>
</DocumentFragment>
`;
