// Jest Snapshot v1, https://goo.gl/fbAQLP

exports[`Grid row snapshot should take a snapshot 1`] = `
<DocumentFragment>
  <table>
    <tbody />
  </table>
</DocumentFragment>
`;
