// Jest Snapshot v1, https://goo.gl/fbAQLP

exports[`App snapshot match should take a snapshot 1`] = `
<DocumentFragment>
  <div
    class="App"
  >
    <p>
      Upload CSV with robots movements
    </p>
    <br />
    <div
      class="react-csv-input"
    >
      <input
        accept=".csv, text/csv"
        class="csv-input"
        id="react-csv-reader-input"
        name="react-csv-reader-input"
        type="file"
      />
    </div>
    <div
      class="planet-container"
    />
  </div>
</DocumentFragment>
`;
